------------------------------------------------------------
Timing Analyzer Summary
------------------------------------------------------------

Type  : Slow 1100mV 85C Model Setup 'clk'
Slack : -0.217
TNS   : -1.098

Type  : Slow 1100mV 85C Model Hold 'clk'
Slack : 0.317
TNS   : 0.000

Type  : Slow 1100mV 85C Model Minimum Pulse Width 'clk'
Slack : -0.394
TNS   : -5.462

Type  : Slow 1100mV 0C Model Setup 'clk'
Slack : -0.248
TNS   : -1.354

Type  : Slow 1100mV 0C Model Hold 'clk'
Slack : 0.300
TNS   : 0.000

Type  : Slow 1100mV 0C Model Minimum Pulse Width 'clk'
Slack : -0.394
TNS   : -5.021

Type  : Fast 1100mV 85C Model Setup 'clk'
Slack : 0.305
TNS   : 0.000

Type  : Fast 1100mV 85C Model Hold 'clk'
Slack : 0.178
TNS   : 0.000

Type  : Fast 1100mV 85C Model Minimum Pulse Width 'clk'
Slack : -0.306
TNS   : -2.881

Type  : Fast 1100mV 0C Model Setup 'clk'
Slack : 0.328
TNS   : 0.000

Type  : Fast 1100mV 0C Model Hold 'clk'
Slack : 0.165
TNS   : 0.000

Type  : Fast 1100mV 0C Model Minimum Pulse Width 'clk'
Slack : -0.280
TNS   : -2.614

------------------------------------------------------------
