------------------------------------------------------------
Timing Analyzer Summary
------------------------------------------------------------

Type  : Slow 1100mV 85C Model Setup 'clk'
Slack : -0.215
TNS   : -1.289

Type  : Slow 1100mV 85C Model Hold 'clk'
Slack : 0.321
TNS   : 0.000

Type  : Slow 1100mV 85C Model Minimum Pulse Width 'clk'
Slack : -0.394
TNS   : -5.635

Type  : Slow 1100mV 0C Model Setup 'clk'
Slack : -0.254
TNS   : -1.612

Type  : Slow 1100mV 0C Model Hold 'clk'
Slack : 0.300
TNS   : 0.000

Type  : Slow 1100mV 0C Model Minimum Pulse Width 'clk'
Slack : -0.394
TNS   : -5.275

Type  : Fast 1100mV 85C Model Setup 'clk'
Slack : 0.298
TNS   : 0.000

Type  : Fast 1100mV 85C Model Hold 'clk'
Slack : 0.183
TNS   : 0.000

Type  : Fast 1100mV 85C Model Minimum Pulse Width 'clk'
Slack : -0.255
TNS   : -2.561

Type  : Fast 1100mV 0C Model Setup 'clk'
Slack : 0.325
TNS   : 0.000

Type  : Fast 1100mV 0C Model Hold 'clk'
Slack : 0.173
TNS   : 0.000

Type  : Fast 1100mV 0C Model Minimum Pulse Width 'clk'
Slack : -0.245
TNS   : -2.470

------------------------------------------------------------
